[22:42:13.797][INFO][CraftTweaker-EarlyInit]: CraftTweaker is running on a Minecraft 1.20.1 production server modded with platform Forge
[22:42:13.868][INFO][CraftTweaker-EarlyInit]: Successfully injected RecipeFS file system
[22:42:13.992][INFO][CraftTweaker-Plugins]: Successfully identified and loaded plugin crafttweaker:builtin
[22:42:13.993][INFO][CraftTweaker-Plugins]: Successfully identified and loaded plugin crafttweaker:builtin_forge
[22:42:13.994][INFO][CraftTweaker-Plugins]: Successfully identified and loaded plugin createtweaker:main
[22:42:14.000][INFO][CraftTweaker-Plugins]: Successfully identified and loaded plugin farmersdelight:crafttweaker_plugin
[22:42:14.003][INFO][CraftTweaker-Plugins]: Successfully identified and loaded plugin refurbished_furniture:plugin
[22:42:14.970][INFO][CraftTweaker]: The following mods have explicit CraftTweaker support through the default plugin:
[22:42:14.971][INFO][CraftTweaker]: - 'aquaculture' at version '2.5.7'
[22:42:14.971][INFO][CraftTweaker]: - 'crafttweaker' at version '14.0.59'
[22:42:14.971][INFO][CraftTweaker]: - 'createtweaker' at version '4.0.15'
[22:42:14.971][INFO][CraftTweaker]: - 'farmersdelight' at version '1.20.1-1.2.9'
[22:42:14.971][INFO][CraftTweaker]: - 'refurbished_furniture' at version '1.0.20'
[22:42:37.166][INFO][CraftTweaker-ZenCode]: Started loading scripts for loader 'initialize'
[22:42:37.840][INFO][CraftTweaker-ZenCode]: Compiling and executing scripts
[22:42:37.935][INFO][CraftTweaker-ZenCode]: Successfully initialized modules [crafttweaker, expansions]
[22:42:38.060][INFO][CraftTweaker-ZenCode]: Execution for loader 'initialize' completed successfully
[22:43:05.491][INFO][CraftTweaker-ZenCode]: Started loading scripts for loader 'tags'
[22:43:05.518][INFO][CraftTweaker-ZenCode]: Compiling and executing scripts
[22:43:05.536][INFO][CraftTweaker-ZenCode]: Successfully initialized modules [crafttweaker, expansions]
[22:43:05.546][INFO][CraftTweaker-ZenCode]: Execution for loader 'tags' completed successfully
[22:43:09.135][INFO][CraftTweaker]: crafttweaker.reload.start
[22:43:09.147][INFO][CraftTweaker-ZenCode]: Started loading scripts for loader 'crafttweaker'
[22:43:09.233][INFO][CraftTweaker-ZenCode]: Compiling and executing scripts
[22:43:09.970][INFO][CraftTweaker-ZenCode]: Successfully initialized modules [mods, crafttweaker, expansions]
[22:43:09.982][INFO][CraftTweaker-ZenCode]: Loading file 'armor_bostrox.zs' with priority 0
[22:43:09.983][INFO][CraftTweaker-ZenCode]: Loading file 'create.zs' with priority 0
[22:43:10.004][INFO][CraftTweaker-ZenCode]: Loading file 'encantamientos.zs' with priority 0
[22:43:10.012][INFO][CraftTweaker-ZenCode]: Loading file 'goldtools.zs' with priority 0
[22:43:10.013][INFO][CraftTweaker-ZenCode]: Loading file 'hardener_steel.zs' with priority 0
[22:43:10.015][INFO][CraftTweaker-ZenCode]: Loading file 'misc.zs' with priority 0
[22:43:10.030][INFO][CraftTweaker-ZenCode]: Loading file 'planes_cfg.zs' with priority 0
[22:43:10.030][INFO][CraftTweaker-ZenCode]: Loading file 'proces_y_mecanical_recipies.zs' with priority 0
[22:43:10.039][INFO][CraftTweaker-ZenCode]: Loading file 'psg.zs' with priority 0
[22:43:10.041][INFO][CraftTweaker-ZenCode]: Loading file 'radiation.zs' with priority 0
[22:43:10.048][INFO][CraftTweaker-ZenCode]: Loading file 'tools.zs' with priority 0
[22:43:10.067][INFO][CraftTweaker-ZenCode]: Loading file 'woods.zs' with priority 0
[22:43:10.370][INFO][CraftTweaker]: Removing 'crafting' recipes with output: '<item:undead_revamp2:bostroxset_helmet>'
[22:43:10.390][INFO][CraftTweaker]: Removing 'crafting' recipes with output: '<item:undead_revamp2:bostroxset_chestplate>'
[22:43:10.397][INFO][CraftTweaker]: Removing 'crafting' recipes with output: '<item:undead_revamp2:bostroxset_boots>'
[22:43:10.406][INFO][CraftTweaker]: Adding 'create:mechanical_crafting' recipe, with name: 'crafttweaker:harded_steel_2' that outputs: '<item:marbledsapi:hardened_steel_ingot> * 2'
[22:43:10.409][INFO][CraftTweaker]: Adding 'create:haunting' recipe, with name: 'crafttweaker:netherward' that outputs: '<item:minecraft:nether_wart>'
[22:43:10.413][INFO][CraftTweaker]: Adding 'create:mixing' recipe, with name: 'crafttweaker:tear1' that outputs: '<item:minecraft:ghast_tear>'
[22:43:10.414][INFO][CraftTweaker]: Adding 'create:mixing' recipe, with name: 'crafttweaker:tear5-1' that outputs: '<item:minecraft:ghast_tear> * 2'
[22:43:10.414][INFO][CraftTweaker]: Adding 'create:mixing' recipe, with name: 'crafttweaker:tear5-2' that outputs: '<item:minecraft:ghast_tear> * 2'
[22:43:10.415][INFO][CraftTweaker]: Adding 'create:mixing' recipe, with name: 'crafttweaker:tear5-3' that outputs: '<item:minecraft:ghast_tear> * 2'
[22:43:10.415][INFO][CraftTweaker]: Removing 'create:haunting' recipes with output: '<item:minecraft:wither_skeleton_skull>'
[22:43:10.416][INFO][CraftTweaker]: Adding 'create:compacting' recipe, with name: 'crafttweaker:wither_skull-1' that outputs: '<item:minecraft:wither_skeleton_skull>'
[22:43:10.416][INFO][CraftTweaker]: Adding 'create:compacting' recipe, with name: 'crafttweaker:wither_skull-2' that outputs: '<item:minecraft:wither_skeleton_skull>'
[22:43:10.416][INFO][CraftTweaker]: Adding 'create:compacting' recipe, with name: 'crafttweaker:wither_skull-3' that outputs: '<item:minecraft:wither_skeleton_skull>'
[22:43:10.420][INFO][CraftTweaker]: Adding 'create:mixing' recipe, with name: 'crafttweaker:suero' that outputs: '<item:minecraft:potion>.withTag({display: {Name: "{\"text\":\"Suero Inmunológico\",\"bold\":true,\"italic\":true}"}, CustomPotionColor: 1686852, CustomPotionEffects: [{CurativeItems: [{id: "minecraft:milk_bucket", Count: 1}], Duration: 42000, ShowIcon: 1, Ambient: 0, ShowParticles: 1, "forge:id": "hordes:immunity", Amplifier: 0}, {Id: 10, Amplifier: 1, Duration: 200}, {Id: 6, Amplifier: 1, Duration: 1}, {Id: 23, Amplifier: 19, Duration: 1}, {Id: 22, Amplifier: 2, Duration: 200}]})'
[22:43:10.420][INFO][CraftTweaker]: Adding 'create:mechanical_crafting' recipe, with name: 'crafttweaker:raygun_ammo' that outputs: '<item:tacz:ammo>.withTag({AmmoId: "fibers:raygun_projectile"}) * 12'
[22:43:10.420][INFO][CraftTweaker]: Removing 'create:mixing' recipes with output: '<item:createaddition:electrum_ingot>'
[22:43:10.421][INFO][CraftTweaker]: Adding 'create:mixing' recipe, with name: 'crafttweaker:electrum_ingot' that outputs: '<item:createaddition:electrum_ingot> * 4'
[22:43:10.421][INFO][CraftTweaker]: Adding 'create:crushing' recipe, with name: 'crafttweaker:crusheddebri' that outputs: '<item:skys_overworld_netherite:large_ancient_shard> * 3'
[22:43:10.421][INFO][CraftTweaker]: Removing 'crafting' recipes with output: '<item:minecraft:ancient_debris>'
[22:43:10.431][INFO][CraftTweaker]: Removing 'crafting' recipes with output: '<item:minecraft:netherite_ingot>'
[22:43:10.441][INFO][CraftTweaker]: Adding 'minecraft:crafting' recipe, of type: "shapeless", with name: 'crafttweaker:netherite_ingot' that outputs: '<item:minecraft:netherite_ingot>'
[22:43:10.443][INFO][CraftTweaker]: Removing "minecraft:crafting" recipes with modid: "skys_overworld_netherite"
[22:43:10.445][INFO][CraftTweaker]: Adding 'create:compacting' recipe, with name: 'crafttweaker:nether-fragment_to_shard' that outputs: '<item:skys_overworld_netherite:ancient_debris_shard>'
[22:43:10.446][INFO][CraftTweaker]: Adding 'create:compacting' recipe, with name: 'crafttweaker:nether-shard_to_largeshard' that outputs: '<item:skys_overworld_netherite:large_ancient_shard>'
[22:43:10.446][INFO][CraftTweaker]: Adding 'create:compacting' recipe, with name: 'crafttweaker:nether-largeshard_to_netheriteore' that outputs: '<item:minecraft:ancient_debris>'
[22:43:10.446][INFO][CraftTweaker]: Adding 'create:crushing' recipe, with name: 'crafttweaker:bostrod_ore' that outputs: '<item:undead_revamp2:rawbostrox>'
[22:43:10.446][INFO][CraftTweaker]: Removing 'create:compacting' recipes with output: 'com.blamejared.crafttweaker.api.fluid.CTFluidIngredient$FluidStackIngredient@19fb8673'
[22:43:10.448][INFO][CraftTweaker]: Adding 'create:compacting' recipe, with name: 'crafttweaker:plant_oil' that outputs: '<item:minecraft:air>.withTag({Damage: 0, Damp: 1})'
[22:43:10.449][INFO][CraftTweaker]: Removing 'create:crushing' recipes that match a custom condition
[22:43:10.452][INFO][CraftTweaker]: Adding 'create:mixing' recipe, with name: 'crafttweaker:blaze_powder2-3' that outputs: '<item:minecraft:blaze_powder> * 2'
[22:43:10.452][INFO][CraftTweaker]: Removing 'create:splashing' recipes that match a custom condition
[22:43:10.452][INFO][CraftTweaker]: Adding 'create:crushing' recipe, with name: 'crafttweaker:rusty_iron_nugget' that outputs: '<item:dustrial_decor:rusty_iron_nugget>'
[22:43:10.452][INFO][CraftTweaker]: Adding 'create:compacting' recipe, with name: 'crafttweaker:iron_nugget' that outputs: '<item:minecraft:iron_nugget> * 3'
[22:43:10.453][INFO][CraftTweaker]: Adding 'create:pressing' recipe, with name: 'crafttweaker:rusty_ingot_to_rusty_sheet' that outputs: '<item:dustrial_decor:rusty_sheet_metal>'
[22:43:10.453][INFO][CraftTweaker]: Adding 'create:mixing' recipe, with name: 'crafttweaker:lether_string' that outputs: '<item:minecraft:string> * 5'
[22:43:10.454][INFO][CraftTweaker]: Adding 'create:mixing' recipe, with name: 'crafttweaker:lether_working' that outputs: '<item:minecraft:leather> * 2'
[22:43:10.454][INFO][CraftTweaker]: Removing 'create:compacting' recipes with output: '<item:createdeco:industrial_iron_ingot>'
[22:43:10.454][INFO][CraftTweaker]: Adding 'create:compacting' recipe, with name: 'crafttweaker:industrial_iron_ingot' that outputs: '<item:createdeco:industrial_iron_ingot> * 2'
[22:43:10.454][INFO][CraftTweaker]: Removing 'create:compacting' recipes with output: '<item:create:industrial_iron_block>'
[22:43:10.454][INFO][CraftTweaker]: Adding 'create:compacting' recipe, with name: 'crafttweaker:industrial_iron_block' that outputs: '<item:create:industrial_iron_block>'
[22:43:10.455][INFO][CraftTweaker]: Adding 'create:compacting' recipe, with name: 'crafttweaker:amethyst_block' that outputs: '<item:minecraft:amethyst_block>'
[22:43:10.455][INFO][CraftTweaker]: Adding 'create:mixing' recipe, with name: 'crafttweaker:glowcap' that outputs: '<item:projectvibrantjourneys:glowcap>'
[22:43:10.455][INFO][CraftTweaker]: Adding 'create:haunting' recipe, with name: 'crafttweaker:quartz_block' that outputs: '<item:minecraft:quartz_block>'
[22:43:10.455][INFO][CraftTweaker]: Adding 'create:crushing' recipe, with name: 'crafttweaker:crushedtuff' that outputs: '<item:create:zinc_nugget>'
[22:43:10.455][INFO][CraftTweaker]: Adding 'create:crushing' recipe, with name: 'crafttweaker:crushedscoria' that outputs: '<item:create:copper_nugget>'
[22:43:10.456][INFO][CraftTweaker]: Adding 'create:compacting' recipe, with name: 'crafttweaker:crudeoil' that outputs: '<item:minecraft:air>.withTag({Damage: 0, Damp: 1})'
[22:43:10.457][INFO][CraftTweaker]: Adding 'create:compacting' recipe, with name: 'crafttweaker:diamond' that outputs: '<item:minecraft:diamond>'
[22:43:10.458][INFO][CraftTweaker]: Adding 'create:milling' recipe, with name: 'crafttweaker:ciffaretbutt' that outputs: '<item:minecraft:paper>'
[22:43:10.458][INFO][CraftTweaker]: Adding 'create:milling' recipe, with name: 'crafttweaker:shrededtabaco' that outputs: '<item:harmfulsmoke:shredded_tobacco> * 3'
[22:43:10.458][INFO][CraftTweaker]: Adding 'create:milling' recipe, with name: 'crafttweaker:leather_helmet_mill' that outputs: '<item:minecraft:rabbit_hide> * 2'
[22:43:10.458][INFO][CraftTweaker]: Adding 'create:milling' recipe, with name: 'crafttweaker:leather_chestplate_mill' that outputs: '<item:minecraft:rabbit_hide> * 8'
[22:43:10.459][INFO][CraftTweaker]: Adding 'create:milling' recipe, with name: 'crafttweaker:leather_leggings_mill' that outputs: '<item:minecraft:rabbit_hide> * 4'
[22:43:10.459][INFO][CraftTweaker]: Adding 'create:milling' recipe, with name: 'crafttweaker:leather_boots_mill' that outputs: '<item:minecraft:rabbit_hide> * 2'
[22:43:10.459][INFO][CraftTweaker]: Adding 'create:milling' recipe, with name: 'crafttweaker:leather_horse_armor_mill' that outputs: '<item:minecraft:rabbit_hide> * 8'
[22:43:10.459][INFO][CraftTweaker]: Removing 'crafting' recipes with output: '<item:createdieselgenerators:hammer>'
[22:43:10.472][INFO][CraftTweaker]: Adding 'minecraft:crafting' recipe, of type: "shaped", with name: 'crafttweaker:createdieselgenerators_hammer' that outputs: '<item:createdieselgenerators:hammer>'
[22:43:10.472][INFO][CraftTweaker]: Removing 'crafting' recipes with output: '<item:createdieselgenerators:wire_cutters>'
[22:43:10.481][INFO][CraftTweaker]: Adding 'minecraft:crafting' recipe, of type: "shaped", with name: 'crafttweaker:createdieselgenerators_wire_cutters' that outputs: '<item:createdieselgenerators:wire_cutters>'
[22:43:10.483][INFO][CraftTweaker]: Removing 'create:deploying' recipe(s) with name(s): '[create_netherless:gilded_blackstone_from_deploying]'
[22:43:10.484][INFO][CraftTweaker]: Adding 'create:deploying' recipe, with name: 'crafttweaker:gilded_blckstone_deploy' that outputs: '<item:minecraft:gilded_blackstone>'
[22:43:10.484][INFO][CraftTweaker]: Removing 'create:haunting' recipe(s) with name(s): '[create_netherless:ender_pearl_by_haunting]'
[22:43:10.485][INFO][CraftTweaker]: Adding 'create:crushing' recipe, with name: 'crafttweaker:soul_crushing' that outputs: '<item:unusual_delight:soul> * 8'
[22:43:10.485][INFO][CraftTweaker]: Adding 'minecraft:crafting' recipe, of type: "shaped", with name: 'crafttweaker:alternator' that outputs: '<item:createaddition:alternator>'
[22:43:10.486][INFO][CraftTweaker]: Removing 'crafting' recipes with output: '<item:minecraft:enchanting_table>'
[22:43:10.493][INFO][CraftTweaker]: Removing 'crafting' recipes with output: '<item:chipped:alchemy_bench>'
[22:43:10.499][INFO][CraftTweaker]: Adding 'minecraft:crafting' recipe, of type: "shaped", with name: 'crafttweaker:alchemy_bench' that outputs: '<item:chipped:alchemy_bench>'
[22:43:10.499][INFO][CraftTweaker]: Adding 'create:mechanical_crafting' recipe, with name: 'crafttweaker:mending' that outputs: '<item:minecraft:enchanted_book>.withTag({display: {Name: "{\"text\":\"Enhancement schemes\"}"}, StoredEnchantments: [{id: "minecraft:mending", lvl: 1}]})'
[22:43:10.500][INFO][CraftTweaker]: Adding 'create:mechanical_crafting' recipe, with name: 'crafttweaker:fortuna3' that outputs: '<item:minecraft:enchanted_book>.withTag({display: {Name: "{\"text\":\"Enhancement schemes\"}"}, StoredEnchantments: [{id: "minecraft:fortune", lvl: 3}]})'
[22:43:10.500][INFO][CraftTweaker]: Adding 'create:mechanical_crafting' recipe, with name: 'crafttweaker:looting3' that outputs: '<item:minecraft:enchanted_book>.withTag({display: {Name: "{\"text\":\"Enhancement schemes\"}"}, StoredEnchantments: [{id: "minecraft:looting", lvl: 3}]})'
[22:43:10.500][INFO][CraftTweaker]: Adding 'minecraft:crafting' recipe, of type: "shaped", with name: 'crafttweaker:smite5' that outputs: '<item:minecraft:enchanted_book>.withTag({display: {Name: "{\"text\":\"Enhancement schemes\"}"}, StoredEnchantments: [{id: "minecraft:smite", lvl: 5}]})'
[22:43:10.500][INFO][CraftTweaker]: Adding 'minecraft:crafting' recipe, of type: "shaped", with name: 'crafttweaker:sharpness5' that outputs: '<item:minecraft:enchanted_book>.withTag({display: {Name: "{\"text\":\"Enhancement schemes\"}"}, StoredEnchantments: [{id: "minecraft:sharpness", lvl: 5}]})'
[22:43:10.501][INFO][CraftTweaker]: Adding 'minecraft:crafting' recipe, of type: "shaped", with name: 'crafttweaker:thorns3' that outputs: '<item:minecraft:enchanted_book>.withTag({display: {Name: "{\"text\":\"Enhancement schemes\"}"}, StoredEnchantments: [{id: "minecraft:thorns", lvl: 3}]})'
[22:43:10.501][INFO][CraftTweaker]: Adding 'minecraft:crafting' recipe, of type: "shaped", with name: 'crafttweaker:under_water_helmet' that outputs: '<item:minecraft:enchanted_book>.withTag({display: {Name: "{\"text\":\"Enhancement schemes\"}"}, StoredEnchantments: [{id: "minecraft:aqua_affinity", lvl: 1}, {id: "minecraft:respiration", lvl: 3}]})'
[22:43:10.501][INFO][CraftTweaker]: Adding 'minecraft:crafting' recipe, of type: "shaped", with name: 'crafttweaker:under_water_boots' that outputs: '<item:minecraft:enchanted_book>.withTag({display: {Name: "{\"text\":\"Enhancement schemes\"}"}, StoredEnchantments: [{id: "minecraft:depth_strider", lvl: 3}]})'
[22:43:10.501][INFO][CraftTweaker]: Adding 'minecraft:crafting' recipe, of type: "shaped", with name: 'crafttweaker:feather_falling4' that outputs: '<item:minecraft:enchanted_book>.withTag({display: {Name: "{\"text\":\"Enhancement schemes\"}"}, StoredEnchantments: [{id: "minecraft:feather_falling", lvl: 4}]})'
[22:43:10.502][INFO][CraftTweaker]: Adding 'minecraft:crafting' recipe, of type: "shaped", with name: 'crafttweaker:protecction4' that outputs: '<item:minecraft:enchanted_book>.withTag({display: {Name: "{\"text\":\"Enhancement schemes\"}"}, StoredEnchantments: [{id: "minecraft:protection", lvl: 4}]})'
[22:43:10.502][INFO][CraftTweaker]: Adding 'minecraft:crafting' recipe, of type: "shaped", with name: 'crafttweaker:unbreaking3' that outputs: '<item:minecraft:enchanted_book>.withTag({display: {Name: "{\"text\":\"Enhancement schemes\"}"}, StoredEnchantments: [{id: "minecraft:unbreaking", lvl: 3}]})'
[22:43:10.502][INFO][CraftTweaker]: Adding 'minecraft:crafting' recipe, of type: "shaped", with name: 'crafttweaker:silk_touch' that outputs: '<item:minecraft:enchanted_book>.withTag({display: {Name: "{\"text\":\"Enhancement schemes\"}"}, StoredEnchantments: [{id: "minecraft:silk_touch", lvl: 1}]})'
[22:43:10.502][INFO][CraftTweaker]: Adding 'minecraft:crafting' recipe, of type: "shaped", with name: 'crafttweaker:efficiency5' that outputs: '<item:minecraft:enchanted_book>.withTag({display: {Name: "{\"text\":\"Enhancement schemes\"}"}, StoredEnchantments: [{id: "minecraft:efficiency", lvl: 5}]})'
[22:43:10.503][INFO][CraftTweaker]: Adding 'minecraft:crafting' recipe, of type: "shaped", with name: 'crafttweaker:potato_recovery' that outputs: '<item:minecraft:enchanted_book>.withTag({display: {Name: "{\"text\":\"Enhancement schemes\"}"}, StoredEnchantments: [{id: "create:potato_recovery", lvl: 3}]})'
[22:43:10.503][INFO][CraftTweaker]: Adding 'minecraft:crafting' recipe, of type: "shaped", with name: 'crafttweaker:butcher' that outputs: '<item:minecraft:enchanted_book>.withTag({display: {Name: "{\"text\":\"Enhancement schemes\"}"}, StoredEnchantments: [{id: "butcher:butcherenchantment", lvl: 1}]})'
[22:43:10.503][INFO][CraftTweaker]: Adding 'minecraft:crafting' recipe, of type: "shaped", with name: 'crafttweaker:imbued_hide' that outputs: '<item:minecraft:enchanted_book>.withTag({display: {Name: "{\"text\":\"Enhancement schemes\"}"}, StoredEnchantments: [{id: "backpacked:imbued_hide", lvl: 1}]})'
[22:43:10.503][INFO][CraftTweaker]: Adding 'minecraft:crafting' recipe, of type: "shaped", with name: 'crafttweaker:looted' that outputs: '<item:minecraft:enchanted_book>.withTag({display: {Name: "{\"text\":\"Enhancement schemes\"}"}, StoredEnchantments: [{id: "backpacked:looted", lvl: 1}]})'
[22:43:10.504][INFO][CraftTweaker]: Adding 'minecraft:crafting' recipe, of type: "shaped", with name: 'crafttweaker:funnelling' that outputs: '<item:minecraft:enchanted_book>.withTag({display: {Name: "{\"text\":\"Enhancement schemes\"}"}, StoredEnchantments: [{id: "backpacked:funnelling", lvl: 1}]})'
[22:43:10.504][INFO][CraftTweaker]: Adding 'minecraft:crafting' recipe, of type: "shapeless", with name: 'crafttweaker:backstabing' that outputs: '<item:minecraft:enchanted_book>.withTag({display: {Name: "{\"text\":\"Enhancement schemes\"}"}, StoredEnchantments: [{id: "lrtactical:backstab", lvl: 2}]})'
[22:43:10.504][INFO][CraftTweaker]: Adding 'minecraft:crafting' recipe, of type: "shaped", with name: 'crafttweaker:bullet_prove4' that outputs: '<item:minecraft:enchanted_book>.withTag({display: {Name: "{\"text\":\"Enhancement of heavy plates\"}"}, StoredEnchantments: [{id: "bulletarmorenchant:bullet_proof", lvl: 4}]})'
[22:43:10.504][INFO][CraftTweaker]: Adding 'minecraft:crafting' recipe, of type: "shapeless", with name: 'crafttweaker:bullet_prove3' that outputs: '<item:minecraft:enchanted_book>.withTag({display: {Name: "{\"text\":\"Enhancement of reinforced plates\"}"}, StoredEnchantments: [{id: "bulletarmorenchant:bullet_proof", lvl: 3}]})'
[22:43:10.505][INFO][CraftTweaker]: Adding 'minecraft:crafting' recipe, of type: "shapeless", with name: 'crafttweaker:bullet_prove2' that outputs: '<item:minecraft:enchanted_book>.withTag({display: {Name: "{\"text\":\"Enhancement of plates\"}"}, StoredEnchantments: [{id: "bulletarmorenchant:bullet_proof", lvl: 2}]})'
[22:43:10.505][INFO][CraftTweaker]: Adding 'minecraft:crafting' recipe, of type: "shapeless", with name: 'crafttweaker:bullet_prove1' that outputs: '<item:minecraft:enchanted_book>.withTag({display: {Name: "{\"text\":\"Enhancement of light plates\"}"}, StoredEnchantments: [{id: "bulletarmorenchant:bullet_proof", lvl: 1}]})'
[22:43:10.505][INFO][CraftTweaker]: Adding 'minecraft:crafting' recipe, of type: "shaped", with name: 'crafttweaker:lure' that outputs: '<item:minecraft:enchanted_book>.withTag({display: {Name: "{\"text\":\"Enhancement schemes\"}"}, StoredEnchantments: [{id: "lure", lvl: 3}]})'
[22:43:10.505][INFO][CraftTweaker]: Adding 'minecraft:crafting' recipe, of type: "shaped", with name: 'crafttweaker:sea_luck' that outputs: '<item:minecraft:enchanted_book>.withTag({display: {Name: "{\"text\":\"Enhancement schemes\"}"}, StoredEnchantments: [{id: "minecraft:luck_of_the_sea", lvl: 3}]})'
[22:43:10.506][INFO][CraftTweaker]: Adding 'minecraft:crafting' recipe, of type: "shaped", with name: 'crafttweaker:fortune1' that outputs: '<item:minecraft:enchanted_book>.withTag({display: {Name: "{\"text\":\"Enhancement schemes\"}"}, StoredEnchantments: [{id: "minecraft:fortune", lvl: 1}]})'
[22:43:10.506][INFO][CraftTweaker]: Adding 'minecraft:crafting' recipe, of type: "shaped", with name: 'crafttweaker:looting1' that outputs: '<item:minecraft:enchanted_book>.withTag({display: {Name: "{\"text\":\"Enhancement schemes\"}"}, StoredEnchantments: [{id: "minecraft:looting", lvl: 1}]})'
[22:43:10.506][INFO][CraftTweaker]: Removing 'minecraft:blasting' recipe(s) with name(s): '[minecraft:gold_nugget_from_blasting]'
[22:43:10.506][INFO][CraftTweaker]: Removing 'minecraft:smelting' recipe(s) with name(s): '[minecraft:gold_nugget_from_smelting]'
[22:43:10.507][INFO][CraftTweaker]: Removing 'minecraft:crafting' recipe(s) with name(s): '[marbledsapi:hardened_steel_ingot]'
[22:43:10.507][INFO][CraftTweaker]: Adding 'minecraft:crafting' recipe, of type: "shaped", with name: 'crafttweaker:hardened_steel_' that outputs: '<item:marbledsapi:hardened_steel_ingot>'
[22:43:10.507][INFO][CraftTweaker]: Removing 'minecraft:crafting' recipe(s) with name(s): '[marbledsapi:steel_sheet]'
[22:43:10.507][INFO][CraftTweaker]: Adding 'create:pressing' recipe, with name: 'crafttweaker:hardened_steel_pressed' that outputs: '<item:marbledsapi:hardened_steel_sheet>'
[22:43:10.507][INFO][CraftTweaker]: Removing 'minecraft:crafting' recipe(s) with name(s): '[marbledsarsenal:black_juggernaut_armor_boots]'
[22:43:10.507][INFO][CraftTweaker]: Removing 'minecraft:crafting' recipe(s) with name(s): '[marbledsarsenal:black_juggernaut_armor_leggings]'
[22:43:10.508][INFO][CraftTweaker]: Removing 'minecraft:crafting' recipe(s) with name(s): '[marbledsarsenal:black_juggernaut_armor_chestplate]'
[22:43:10.508][INFO][CraftTweaker]: Removing 'minecraft:crafting' recipe(s) with name(s): '[marbledsarsenal:black_juggernaut_armor_helmet]'
[22:43:10.508][INFO][CraftTweaker]: Removing 'minecraft:crafting' recipe(s) with name(s): '[marbledsarsenal:olive_juggernaut_armor_boots]'
[22:43:10.508][INFO][CraftTweaker]: Removing 'minecraft:crafting' recipe(s) with name(s): '[marbledsarsenal:olive_juggernaut_armor_leggings]'
[22:43:10.508][INFO][CraftTweaker]: Removing 'minecraft:crafting' recipe(s) with name(s): '[marbledsarsenal:olive_juggernaut_armor_chestplate]'
[22:43:10.508][INFO][CraftTweaker]: Removing 'minecraft:crafting' recipe(s) with name(s): '[marbledsarsenal:olive_juggernaut_armor_helmet]'
[22:43:10.508][INFO][CraftTweaker]: Adding 'minecraft:crafting' recipe, of type: "shaped", with name: 'crafttweaker:black_juggernaut_armor_boots' that outputs: '<item:marbledsarsenal:black_juggernaut_armor_boots>.withTag({Enchantments: [{id: "bulletarmorenchant:bullet_proof", lvl: 4}, {id: "minecraft:unbreaking", lvl: 3}]})'
[22:43:10.508][INFO][CraftTweaker]: Adding 'minecraft:crafting' recipe, of type: "shaped", with name: 'crafttweaker:black_juggernaut_armor_leggings' that outputs: '<item:marbledsarsenal:black_juggernaut_armor_leggings>.withTag({Enchantments: [{id: "bulletarmorenchant:bullet_proof", lvl: 4}, {id: "minecraft:unbreaking", lvl: 3}]})'
[22:43:10.508][INFO][CraftTweaker]: Adding 'minecraft:crafting' recipe, of type: "shaped", with name: 'crafttweaker:black_juggernaut_armor_chestplate' that outputs: '<item:marbledsarsenal:black_juggernaut_armor_chestplate>.withTag({Enchantments: [{id: "bulletarmorenchant:bullet_proof", lvl: 4}, {id: "minecraft:unbreaking", lvl: 3}]})'
[22:43:10.509][INFO][CraftTweaker]: Adding 'minecraft:crafting' recipe, of type: "shaped", with name: 'crafttweaker:black_juggernaut_armor_helmet' that outputs: '<item:marbledsarsenal:black_juggernaut_armor_helmet>.withTag({Enchantments: [{id: "bulletarmorenchant:bullet_proof", lvl: 4}, {id: "minecraft:unbreaking", lvl: 3}]})'
[22:43:10.509][INFO][CraftTweaker]: Adding 'minecraft:crafting' recipe, of type: "shaped", with name: 'crafttweaker:olive_juggernaut_armor_boots' that outputs: '<item:marbledsarsenal:olive_juggernaut_armor_boots>.withTag({Enchantments: [{id: "bulletarmorenchant:bullet_proof", lvl: 4}, {id: "minecraft:unbreaking", lvl: 3}]})'
[22:43:10.509][INFO][CraftTweaker]: Adding 'minecraft:crafting' recipe, of type: "shaped", with name: 'crafttweaker:olive_juggernaut_armor_leggings' that outputs: '<item:marbledsarsenal:olive_juggernaut_armor_leggings>.withTag({Enchantments: [{id: "bulletarmorenchant:bullet_proof", lvl: 4}, {id: "minecraft:unbreaking", lvl: 3}]})'
[22:43:10.510][INFO][CraftTweaker]: Adding 'minecraft:crafting' recipe, of type: "shaped", with name: 'crafttweaker:olive_juggernaut_armor_chestplate' that outputs: '<item:marbledsarsenal:olive_juggernaut_armor_chestplate>.withTag({Enchantments: [{id: "bulletarmorenchant:bullet_proof", lvl: 4}, {id: "minecraft:unbreaking", lvl: 3}]})'
[22:43:10.510][INFO][CraftTweaker]: Adding 'minecraft:crafting' recipe, of type: "shaped", with name: 'crafttweaker:olive_juggernaut_armor_helmet' that outputs: '<item:marbledsarsenal:olive_juggernaut_armor_helmet>.withTag({Enchantments: [{id: "bulletarmorenchant:bullet_proof", lvl: 4}, {id: "minecraft:unbreaking", lvl: 3}]})'
[22:43:10.511][INFO][CraftTweaker]: Removing 'crafting' recipes with output: '<item:minecraft:spyglass>'
[22:43:10.518][INFO][CraftTweaker]: Adding 'minecraft:crafting' recipe, of type: "shaped", with name: 'crafttweaker:spyglass_camera' that outputs: '<item:minecraft:spyglass>'
[22:43:10.518][INFO][CraftTweaker]: Removing 'crafting' recipes with output: '<item:securitycraft:briefcase>'
[22:43:10.524][INFO][CraftTweaker]: Adding 'minecraft:crafting' recipe, of type: "shaped", with name: 'crafttweaker:netherite_pickaxe' that outputs: '<item:minecraft:netherite_pickaxe>'
[22:43:10.524][INFO][CraftTweaker]: Removing 'crafting' recipes with output: '<item:minecraft:ender_chest>'
[22:43:10.528][INFO][CraftTweaker]: Removing 'smithing' recipes with output: '<item:toms_storage:ts.adv_wireless_terminal>'
[22:43:10.541][INFO][CraftTweaker]: Adding 'minecraft:crafting' recipe, of type: "shapeless", with name: 'crafttweaker:adv_wireless_terminal' that outputs: '<item:toms_storage:ts.adv_wireless_terminal>'
[22:43:10.542][INFO][CraftTweaker]: Removing 'smithing' recipes with output: '<item:archeryexp:netherite_bow>'
[22:43:10.544][INFO][CraftTweaker]: Adding 'minecraft:crafting' recipe, of type: "shaped", with name: 'crafttweaker:netherite_bow' that outputs: '<item:archeryexp:netherite_bow>'
[22:43:10.544][INFO][CraftTweaker]: Removing 'crafting' recipes with output: '<item:supplementaries:slidy_block>'
[22:43:10.550][INFO][CraftTweaker]: Removing 'crafting' recipes with output: '<item:minecraft:flint_and_steel>'
[22:43:10.554][INFO][CraftTweaker]: Adding 'minecraft:crafting' recipe, of type: "shaped", with name: 'crafttweaker:flint_and_steel' that outputs: '<item:minecraft:flint_and_steel>'
[22:43:10.555][INFO][CraftTweaker]: Removing 'crafting' recipes with output: '<item:harmfulsmoke:lighter>'
[22:43:10.561][INFO][CraftTweaker]: Adding 'minecraft:crafting' recipe, of type: "shapeless", with name: 'crafttweaker:lighter' that outputs: '<item:harmfulsmoke:lighter>'
[22:43:10.561][INFO][CraftTweaker]: Removing 'crafting' recipes with output: '<item:vc_gliders:reinforced_paper_netherite>'
[22:43:10.565][INFO][CraftTweaker]: Adding 'minecraft:crafting' recipe, of type: "shaped", with name: 'crafttweaker:reinforced_paper_netherite' that outputs: '<item:vc_gliders:reinforced_paper_netherite>'
[22:43:10.566][INFO][CraftTweaker]: Removing "minecraft:smelting" recipes with modid: "immersive_weathering"
[22:43:10.566][INFO][CraftTweaker]: Adding 'minecraft:smelting' recipe, with name: 'crafttweaker:immersive_weathering_waxed_noblocks_furnace' that outputs: '<item:dustrial_decor:rusty_iron_nugget>'
[22:43:10.566][INFO][CraftTweaker]: Adding 'minecraft:smelting' recipe, with name: 'crafttweaker:immersive_weathering_waxed_blocks_furnace' that outputs: '<item:dustrial_decor:rusty_iron_ingot>'
[22:43:10.566][INFO][CraftTweaker]: Adding 'minecraft:smelting' recipe, with name: 'crafttweaker:iron_nugget_from_clean_bars' that outputs: '<item:minecraft:iron_nugget>'
[22:43:10.566][INFO][CraftTweaker]: Adding 'minecraft:smelting' recipe, with name: 'crafttweaker:rusty_iron_nugget_from_exposed_bars1' that outputs: '<item:dustrial_decor:rusty_iron_nugget>'
[22:43:10.567][INFO][CraftTweaker]: Adding 'minecraft:smelting' recipe, with name: 'crafttweaker:rusty_iron_nugget_from_rusted_bars2' that outputs: '<item:dustrial_decor:rusty_iron_nugget>'
[22:43:10.567][INFO][CraftTweaker]: Adding 'minecraft:smelting' recipe, with name: 'crafttweaker:rusty_iron_nugget_from_weathered_bars3' that outputs: '<item:dustrial_decor:rusty_iron_nugget>'
[22:43:10.567][INFO][CraftTweaker]: Adding 'minecraft:smelting' recipe, with name: 'crafttweaker:iron_ingot_from_clean_block' that outputs: '<item:minecraft:iron_ingot>'
[22:43:10.567][INFO][CraftTweaker]: Adding 'minecraft:smelting' recipe, with name: 'crafttweaker:rusty_iron_ingot_from_exposed_block1' that outputs: '<item:dustrial_decor:rusty_iron_ingot>'
[22:43:10.567][INFO][CraftTweaker]: Adding 'minecraft:smelting' recipe, with name: 'crafttweaker:rusty_iron_ingot_from_rusted_block2' that outputs: '<item:dustrial_decor:rusty_iron_ingot>'
[22:43:10.567][INFO][CraftTweaker]: Adding 'minecraft:smelting' recipe, with name: 'crafttweaker:rusty_iron_ingot_from_weathered_block3' that outputs: '<item:dustrial_decor:rusty_iron_ingot>'
[22:43:10.567][INFO][CraftTweaker]: Removing "minecraft:blasting" recipes with modid: "immersive_weathering"
[22:43:10.567][INFO][CraftTweaker]: Adding 'minecraft:blasting' recipe, with name: 'crafttweaker:immersive_weathering_waxed_noblocks_blastfurnace' that outputs: '<item:dustrial_decor:rusty_iron_nugget>'
[22:43:10.567][INFO][CraftTweaker]: Adding 'minecraft:blasting' recipe, with name: 'crafttweaker:immersive_weathering_waxed_blocks_blastfurnace' that outputs: '<item:dustrial_decor:rusty_iron_ingot>'
[22:43:10.568][INFO][CraftTweaker]: Adding 'minecraft:blasting' recipe, with name: 'crafttweaker:iron_nugget_from_clean_bars_blasting' that outputs: '<item:minecraft:iron_nugget>'
[22:43:10.568][INFO][CraftTweaker]: Adding 'minecraft:blasting' recipe, with name: 'crafttweaker:rusty_iron_nugget_from_exposed_bars_blasting1' that outputs: '<item:dustrial_decor:rusty_iron_nugget>'
[22:43:10.568][INFO][CraftTweaker]: Adding 'minecraft:blasting' recipe, with name: 'crafttweaker:rusty_iron_nugget_from_rusted_bars_blasting2' that outputs: '<item:dustrial_decor:rusty_iron_nugget>'
[22:43:10.568][INFO][CraftTweaker]: Adding 'minecraft:blasting' recipe, with name: 'crafttweaker:rusty_iron_nugget_from_weathered_bars_blasting3' that outputs: '<item:dustrial_decor:rusty_iron_nugget>'
[22:43:10.568][INFO][CraftTweaker]: Adding 'minecraft:blasting' recipe, with name: 'crafttweaker:iron_ingot_from_clean_block_blasting' that outputs: '<item:minecraft:iron_ingot>'
[22:43:10.568][INFO][CraftTweaker]: Adding 'minecraft:blasting' recipe, with name: 'crafttweaker:rusty_iron_ingot_from_exposed_block_blasting1' that outputs: '<item:dustrial_decor:rusty_iron_ingot>'
[22:43:10.568][INFO][CraftTweaker]: Adding 'minecraft:blasting' recipe, with name: 'crafttweaker:rusty_iron_ingot_from_rusted_block_blasting2' that outputs: '<item:dustrial_decor:rusty_iron_ingot>'
[22:43:10.568][INFO][CraftTweaker]: Adding 'minecraft:blasting' recipe, with name: 'crafttweaker:rusty_iron_ingot_from_weathered_block_blasting3' that outputs: '<item:dustrial_decor:rusty_iron_ingot>'
[22:43:10.568][INFO][CraftTweaker]: Removing "minecraft:blasting" recipes with modid: "dustrial_decor"
[22:43:10.568][INFO][CraftTweaker]: Adding 'minecraft:blasting' recipe, with name: 'crafttweaker:ingot_from_sheet' that outputs: '<item:minecraft:iron_ingot>'
[22:43:10.569][INFO][CraftTweaker]: Adding 'create:milling' recipe, with name: 'crafttweaker:ingot_from_rusty_sheet' that outputs: '<item:dustrial_decor:rusty_iron_nugget> * 9'
[22:43:10.569][INFO][CraftTweaker]: Adding 'minecraft:crafting' recipe, of type: "shapeless", with name: 'crafttweaker:rusty_ingot_is_rusty_sheet' that outputs: '<item:dustrial_decor:rusty_sheet_metal>'
[22:43:10.569][INFO][CraftTweaker]: Removing 'crafting' recipes with output: '<item:minecraft:shield>'
[22:43:10.573][INFO][CraftTweaker]: Adding 'minecraft:crafting' recipe, of type: "shaped", with name: 'crafttweaker:shield' that outputs: '<item:minecraft:shield>'
[22:43:10.574][INFO][CraftTweaker]: Adding 'minecraft:crafting' recipe, of type: "shaped", with name: 'crafttweaker:damaged_shield' that outputs: '<item:minecraft:shield>.withDamage(112)'
[22:43:10.574][INFO][CraftTweaker]: Removing 'crafting' recipes with output: '<item:biohazardchanges:leather_ushanka>'
[22:43:10.578][INFO][CraftTweaker]: Adding 'minecraft:crafting' recipe, of type: "shaped", with name: 'crafttweaker:leather_ushanka' that outputs: '<item:biohazardchanges:leather_ushanka>'
[22:43:10.578][INFO][CraftTweaker]: Removing 'crafting' recipes with output: '<item:biohazardchanges:leather_jacket>'
[22:43:10.583][INFO][CraftTweaker]: Adding 'minecraft:crafting' recipe, of type: "shaped", with name: 'crafttweaker:leather_jacket' that outputs: '<item:biohazardchanges:leather_jacket>'
[22:43:10.583][INFO][CraftTweaker]: Removing 'crafting' recipes with output: '<item:biohazardchanges:leather_pants>'
[22:43:10.588][INFO][CraftTweaker]: Adding 'minecraft:crafting' recipe, of type: "shaped", with name: 'crafttweaker:leather_pants' that outputs: '<item:biohazardchanges:leather_pants>'
[22:43:10.588][INFO][CraftTweaker]: Removing 'crafting' recipes with output: '<item:biohazardchanges:leather_boots>'
[22:43:10.592][INFO][CraftTweaker]: Adding 'minecraft:crafting' recipe, of type: "shaped", with name: 'crafttweaker:leather_boots' that outputs: '<item:biohazardchanges:leather_boots>'
[22:43:10.592][INFO][CraftTweaker]: Removing 'crafting' recipes with output: '<item:biohazardchanges:rusted_helmet>'
[22:43:10.594][INFO][CraftTweaker]: Adding 'minecraft:crafting' recipe, of type: "shaped", with name: 'crafttweaker:rusted_helmet' that outputs: '<item:biohazardchanges:rusted_helmet>'
[22:43:10.594][INFO][CraftTweaker]: Removing 'crafting' recipes with output: '<item:biohazardchanges:rusted_chestplate>'
[22:43:10.596][INFO][CraftTweaker]: Adding 'minecraft:crafting' recipe, of type: "shaped", with name: 'crafttweaker:rusted_chestplate' that outputs: '<item:biohazardchanges:rusted_chestplate>'
[22:43:10.596][INFO][CraftTweaker]: Removing 'crafting' recipes with output: '<item:biohazardchanges:rusted_leggings>'
[22:43:10.597][INFO][CraftTweaker]: Adding 'minecraft:crafting' recipe, of type: "shaped", with name: 'crafttweaker:rusted_leggings' that outputs: '<item:biohazardchanges:rusted_leggings>'
[22:43:10.597][INFO][CraftTweaker]: Removing 'crafting' recipes with output: '<item:biohazardchanges:rusted_boots>'
[22:43:10.599][INFO][CraftTweaker]: Adding 'minecraft:crafting' recipe, of type: "shaped", with name: 'crafttweaker:rusted_boots' that outputs: '<item:biohazardchanges:rusted_boots>'
[22:43:10.599][INFO][CraftTweaker]: Removing 'crafting' recipes with output: '<item:biohazardchanges:iron_helmet>'
[22:43:10.601][INFO][CraftTweaker]: Adding 'minecraft:crafting' recipe, of type: "shaped", with name: 'crafttweaker:iron_helmet' that outputs: '<item:biohazardchanges:iron_helmet>'
[22:43:10.601][INFO][CraftTweaker]: Removing 'crafting' recipes with output: '<item:biohazardchanges:iron_chestplate>'
[22:43:10.603][INFO][CraftTweaker]: Adding 'minecraft:crafting' recipe, of type: "shaped", with name: 'crafttweaker:iron_chestplate' that outputs: '<item:biohazardchanges:iron_chestplate>'
[22:43:10.603][INFO][CraftTweaker]: Removing 'crafting' recipes with output: '<item:biohazardchanges:iron_leggings>'
[22:43:10.605][INFO][CraftTweaker]: Adding 'minecraft:crafting' recipe, of type: "shaped", with name: 'crafttweaker:iron_leggings' that outputs: '<item:biohazardchanges:iron_leggings>'
[22:43:10.605][INFO][CraftTweaker]: Adding 'minecraft:crafting' recipe, of type: "shaped", with name: 'crafttweaker:large_ancient_shard_craft' that outputs: '<item:skys_overworld_netherite:large_ancient_shard> * 2'
[22:43:10.605][INFO][CraftTweaker]: Adding 'minecraft:crafting' recipe, of type: "shaped", with name: 'crafttweaker:ancient_debris_craft' that outputs: '<item:minecraft:ancient_debris> * 2'
[22:43:10.605][INFO][CraftTweaker]: Removing 'crafting' recipes with output: '<item:marbledsarsenal:modern_axe>'
[22:43:10.607][INFO][CraftTweaker]: Adding 'minecraft:crafting' recipe, of type: "shaped", with name: 'crafttweaker:modern_axe' that outputs: '<item:marbledsarsenal:modern_axe>'
[22:43:10.607][INFO][CraftTweaker]: Removing 'crafting' recipes with output: '<item:unusual_delight:amethyst_apple>'
[22:43:10.612][INFO][CraftTweaker]: Adding 'minecraft:crafting' recipe, of type: "shaped", with name: 'crafttweaker:organic_compost' that outputs: '<item:farmersdelight:organic_compost>'
[22:43:10.612][INFO][CraftTweaker]: Removing 'crafting' recipes with output: '<item:canned_goods:canned_carrots>'
[22:43:10.617][INFO][CraftTweaker]: Adding 'minecraft:crafting' recipe, of type: "shapeless", with name: 'crafttweaker:canned_pumpkin_pie' that outputs: '<item:canned_goods:canned_carrots>'
[22:43:10.617][INFO][CraftTweaker]: Removing 'crafting' recipes with output: '<item:canned_goods:canned_pumpkin_pie>'
[22:43:10.622][INFO][CraftTweaker]: Adding 'minecraft:crafting' recipe, of type: "shapeless", with name: 'crafttweaker:canned_carrots1' that outputs: '<item:canned_goods:canned_pumpkin_pie>'
[22:43:10.622][INFO][CraftTweaker]: Removing 'crafting' recipes with output: '<item:canned_goods:canned_golden_carrot>'
[22:43:10.626][INFO][CraftTweaker]: Adding 'minecraft:crafting' recipe, of type: "shapeless", with name: 'crafttweaker:canned_carrots2' that outputs: '<item:canned_goods:canned_golden_carrot>'
[22:43:10.626][INFO][CraftTweaker]: Removing 'crafting' recipes with output: '<item:undead_revamp2:chainsword>'
[22:43:10.631][INFO][CraftTweaker]: Removing 'crafting' recipes with output: '<item:harmfulsmoke:pack_of_cigarettes>'
[22:43:10.635][INFO][CraftTweaker]: Adding 'minecraft:crafting' recipe, of type: "shapeless", with name: 'crafttweaker:packofsiggarets' that outputs: '<item:harmfulsmoke:pack_of_cigarettes>'
[22:43:10.635][INFO][CraftTweaker]: Removing 'crafting' recipes with output: '<item:harmfulsmoke:filter_for_cigarettes>'
[22:43:10.639][INFO][CraftTweaker]: Adding 'minecraft:crafting' recipe, of type: "shapeless", with name: 'crafttweaker:cigaretttesfilter' that outputs: '<item:harmfulsmoke:filter_for_cigarettes> * 8'
[22:43:10.639][INFO][CraftTweaker]: Removing "minecraft:crafting" recipes with modid: "dyairdrop"
[22:43:10.641][INFO][CraftTweaker]: Removing 'crafting' recipes with output: '<item:tacz:workbench_b>.withTag({BlockId: "emxarms:emx_workbench"})'
[22:43:10.647][INFO][CraftTweaker]: Adding 'minecraft:crafting' recipe, of type: "shaped", with name: 'crafttweaker:emx_workbench' that outputs: '<item:tacz:workbench_b>.withTag({BlockId: "emxarms:emx_workbench"})'
[22:43:10.647][INFO][CraftTweaker]: Removing 'crafting' recipes with output: '<item:undead_revamp2:woodennest>'
[22:43:10.651][INFO][CraftTweaker]: Removing 'crafting' recipes with output: '<item:farmersdelight:rope>'
[22:43:10.656][INFO][CraftTweaker]: Adding 'minecraft:crafting' recipe, of type: "shaped", with name: 'crafttweaker:delights_rope' that outputs: '<item:farmersdelight:rope>'
[22:43:10.657][INFO][CraftTweaker]: Adding 'minecraft:crafting' recipe, of type: "shaped", with name: 'crafttweaker:delights_rope2' that outputs: '<item:farmersdelight:rope> * 2'
[22:43:10.657][INFO][CraftTweaker]: Adding 'minecraft:crafting' recipe, of type: "shaped", with name: 'crafttweaker:riot_shield' that outputs: '<item:biohazardchanges:riot_shield>'
[22:43:10.657][INFO][CraftTweaker]: Adding 'minecraft:crafting' recipe, of type: "shaped", with name: 'crafttweaker:wedge_shield' that outputs: '<item:biohazardchanges:wedge_shield>'
[22:43:10.657][INFO][CraftTweaker]: Adding 'minecraft:crafting' recipe, of type: "shaped", with name: 'crafttweaker:antenna' that outputs: '<item:biohazardchanges:antenna>'
[22:43:10.657][INFO][CraftTweaker]: Adding 'minecraft:crafting' recipe, of type: "shaped", with name: 'crafttweaker:console' that outputs: '<item:biohazardchanges:console>'
[22:43:10.657][INFO][CraftTweaker]: Adding 'minecraft:crafting' recipe, of type: "shapeless", with name: 'crafttweaker:pig_skin' that outputs: '<item:butcher:pig_skin> * 2'
[22:43:10.658][INFO][CraftTweaker]: Removing 'crafting' recipes with output: '<item:immersive_aircraft:gyrodyne>'
[22:43:10.664][INFO][CraftTweaker]: Removing 'crafting' recipes with output: '<item:immersive_aircraft:quadrocopter>'
[22:43:10.669][INFO][CraftTweaker]: Removing 'crafting' recipes with output: '<item:immersive_machinery:bamboo_bee>'
[22:43:10.674][INFO][CraftTweaker]: Adding 'minecraft:crafting' recipe, of type: "shaped", with name: 'crafttweaker:saltpetre2' that outputs: '<item:psg:saltpetre> * 2'
[22:43:10.674][INFO][CraftTweaker]: Adding 'create:mixing' recipe, with name: 'crafttweaker:saltpetre_mixed' that outputs: '<item:psg:saltpetre> * 5'
[22:43:10.674][INFO][CraftTweaker]: Adding 'create:mixing' recipe, with name: 'crafttweaker:gunpowder_mixed' that outputs: '<item:minecraft:gunpowder> * 30'
[22:43:10.675][INFO][CraftTweaker]: Adding 'create:filling' recipe, with name: 'crafttweaker:end_stone_bio' that outputs: '<item:minecraft:end_stone>'
[22:43:10.675][INFO][CraftTweaker]: Adding 'create:filling' recipe, with name: 'crafttweaker:chorus_flower_bio' that outputs: '<item:minecraft:chorus_flower>'
[22:43:10.675][INFO][CraftTweaker]: Adding 'minecraft:crafting' recipe, of type: "shapeless", with name: 'crafttweaker:oak_leaves' that outputs: '<item:minecraft:oak_leaves>'
[22:43:10.675][INFO][CraftTweaker]: Adding 'create:milling' recipe, with name: 'crafttweaker:leather_milled' that outputs: '<item:minecraft:rabbit_hide>.withTag({display: {Name: "{\"text\":\"Leather offcuts\"}"}})'
[22:43:10.676][INFO][CraftTweaker]: Adding 'create:milling' recipe, with name: 'crafttweaker:fox_weed_milled' that outputs: '<item:cure:fox_weed_paste>'
[22:43:10.676][INFO][CraftTweaker]: Removing 'crafting' recipes with output: '<item:marbledsarsenal:hazmat_armor_helmet>'
[22:43:10.681][INFO][CraftTweaker]: Adding 'minecraft:crafting' recipe, of type: "shaped", with name: 'crafttweaker:hazard_helmet' that outputs: '<item:marbledsarsenal:hazmat_armor_helmet>'
[22:43:10.681][INFO][CraftTweaker]: Removing 'crafting' recipes with output: '<item:marbledsarsenal:hazmat_armor_chestplate>'
[22:43:10.686][INFO][CraftTweaker]: Adding 'minecraft:crafting' recipe, of type: "shaped", with name: 'crafttweaker:hazard_chestplate' that outputs: '<item:marbledsarsenal:hazmat_armor_chestplate>'
[22:43:10.686][INFO][CraftTweaker]: Removing 'crafting' recipes with output: '<item:marbledsarsenal:hazmat_armor_leggings>'
[22:43:10.688][INFO][CraftTweaker]: Adding 'minecraft:crafting' recipe, of type: "shaped", with name: 'crafttweaker:hazard_leggins' that outputs: '<item:marbledsarsenal:hazmat_armor_leggings>'
[22:43:10.688][INFO][CraftTweaker]: Removing 'crafting' recipes with output: '<item:backpacked:backpack>'
[22:43:10.690][INFO][CraftTweaker]: Adding 'minecraft:crafting' recipe, of type: "shaped", with name: 'crafttweaker:backpack' that outputs: '<item:backpacked:backpack>'
[22:43:10.690][INFO][CraftTweaker]: Adding 'create:milling' recipe, with name: 'crafttweaker:can_crush' that outputs: '<item:minecraft:iron_nugget> * 9'
[22:43:10.690][INFO][CraftTweaker]: Adding 'minecraft:crafting' recipe, of type: "shaped", with name: 'crafttweaker:shears2' that outputs: '<item:minecraft:shears>.withDamage(138)'
[22:43:10.690][INFO][CraftTweaker]: Adding 'minecraft:crafting' recipe, of type: "shaped", with name: 'crafttweaker:leafs' that outputs: '<item:minecraft:spruce_leaves>'
[22:43:10.691][INFO][CraftTweaker]: Adding 'minecraft:crafting' recipe, of type: "shapeless", with name: 'crafttweaker:sal1' that outputs: '<item:butcher:salt>'
[22:43:10.691][INFO][CraftTweaker]: Adding 'minecraft:crafting' recipe, of type: "shapeless", with name: 'crafttweaker:sal2' that outputs: '<item:butcher:salt>'
[22:43:10.691][INFO][CraftTweaker]: Removing 'crafting' recipes with output: '<item:archeryexp:gold_arrow>'
[22:43:10.692][INFO][CraftTweaker]: Removing 'crafting' recipes with output: '<item:archeryexp:iron_arrow>'
[22:43:10.693][INFO][CraftTweaker]: Removing 'crafting' recipes with output: '<item:archeryexp:diamond_arrow>'
[22:43:10.695][INFO][CraftTweaker]: Removing 'crafting' recipes with output: '<item:archeryexp:netherite_arrow>'
[22:43:10.696][INFO][CraftTweaker]: Adding 'minecraft:crafting' recipe, of type: "shaped", with name: 'crafttweaker:arrowgold' that outputs: '<item:archeryexp:gold_arrow> * 6'
[22:43:10.696][INFO][CraftTweaker]: Adding 'minecraft:crafting' recipe, of type: "shaped", with name: 'crafttweaker:arrowiron' that outputs: '<item:archeryexp:iron_arrow> * 6'
[22:43:10.697][INFO][CraftTweaker]: Adding 'minecraft:crafting' recipe, of type: "shaped", with name: 'crafttweaker:arrowdiamond' that outputs: '<item:archeryexp:diamond_arrow> * 6'
[22:43:10.697][INFO][CraftTweaker]: Adding 'minecraft:crafting' recipe, of type: "shaped", with name: 'crafttweaker:arrownetherite' that outputs: '<item:archeryexp:netherite_arrow> * 2'
[22:43:10.697][INFO][CraftTweaker]: Adding 'minecraft:crafting' recipe, of type: "shaped", with name: 'crafttweaker:arrownetherite12' that outputs: '<item:archeryexp:netherite_arrow> * 12'
[22:43:10.697][INFO][CraftTweaker]: Adding 'minecraft:crafting' recipe, of type: "shaped", with name: 'crafttweaker:arrowgold2' that outputs: '<item:archeryexp:gold_arrow> * 4'
[22:43:10.697][INFO][CraftTweaker]: Adding 'minecraft:crafting' recipe, of type: "shaped", with name: 'crafttweaker:arrowiron2' that outputs: '<item:archeryexp:iron_arrow> * 4'
[22:43:10.698][INFO][CraftTweaker]: Adding 'minecraft:crafting' recipe, of type: "shaped", with name: 'crafttweaker:arrowdiamond2' that outputs: '<item:archeryexp:diamond_arrow> * 4'
[22:43:10.698][INFO][CraftTweaker]: Adding 'minecraft:crafting' recipe, of type: "shaped", with name: 'crafttweaker:arrownetherite2' that outputs: '<item:archeryexp:netherite_arrow>'
[22:43:10.698][INFO][CraftTweaker]: Adding 'minecraft:crafting' recipe, of type: "shaped", with name: 'crafttweaker:arrownetherite22' that outputs: '<item:archeryexp:netherite_arrow> * 8'
[22:43:10.698][INFO][CraftTweaker]: Adding 'create:mixing' recipe, with name: 'crafttweaker:copper_sulfate' that outputs: '<item:psg:copper_sulfate>'
[22:43:10.699][INFO][CraftTweaker]: Adding 'create:crushing' recipe, with name: 'crafttweaker:deepslate_sulphur_ore' that outputs: '<item:psg:sulphur> * 4'
[22:43:10.699][INFO][CraftTweaker]: Adding 'minecraft:crafting' recipe, of type: "shapeless", with name: 'crafttweaker:gunpowder3' that outputs: '<item:minecraft:gunpowder> * 3'
[22:43:10.699][INFO][CraftTweaker]: Adding 'minecraft:crafting' recipe, of type: "shapeless", with name: 'crafttweaker:gunpowder5' that outputs: '<item:minecraft:gunpowder> * 5'
[22:43:10.699][INFO][CraftTweaker]: Adding 'minecraft:crafting' recipe, of type: "shapeless", with name: 'crafttweaker:gunpowder_sack' that outputs: '<item:quark:gunpowder_sack> * 4'
[22:43:10.699][INFO][CraftTweaker]: Adding 'minecraft:crafting' recipe, of type: "shapeless", with name: 'crafttweaker:gunpouder_sack_to_gunpowder' that outputs: '<item:minecraft:gunpowder> * 9'
[22:43:10.700][INFO][CraftTweaker]: Adding 'minecraft:crafting' recipe, of type: "shapeless", with name: 'crafttweaker:gunpowdersack' that outputs: '<item:quark:gunpowder_sack>'
[22:43:10.700][INFO][CraftTweaker]: Removing 'crafting' recipes with output: '<item:radioactive:shoddy_geiger_counter>'
[22:43:10.703][INFO][CraftTweaker]: Adding 'minecraft:crafting' recipe, of type: "shaped", with name: 'crafttweaker:shoddy_geiger_counter' that outputs: '<item:radioactive:shoddy_geiger_counter>'
[22:43:10.703][INFO][CraftTweaker]: Removing 'crafting' recipes with output: '<item:radioactive:upgrade_1>'
[22:43:10.704][INFO][CraftTweaker]: Adding 'minecraft:crafting' recipe, of type: "shaped", with name: 'crafttweaker:radioactive_upgrade_1' that outputs: '<item:radioactive:upgrade_1>'
[22:43:10.704][INFO][CraftTweaker]: Removing 'crafting' recipes with output: '<item:radioactive:upgrade_2>'
[22:43:10.706][INFO][CraftTweaker]: Adding 'minecraft:crafting' recipe, of type: "shaped", with name: 'crafttweaker:radioactive_upgrade_2' that outputs: '<item:radioactive:upgrade_2>'
[22:43:10.706][INFO][CraftTweaker]: Adding 'create:compacting' recipe, with name: 'crafttweaker:radioactive_upgrade_1_to_2' that outputs: '<item:radioactive:upgrade_2>'
[22:43:10.706][INFO][CraftTweaker]: Removing 'crafting' recipes with output: '<item:radioactive:upgrade_3>'
[22:43:10.708][INFO][CraftTweaker]: Adding 'minecraft:crafting' recipe, of type: "shaped", with name: 'crafttweaker:radioactive_upgrade_3' that outputs: '<item:radioactive:upgrade_3>'
[22:43:10.708][INFO][CraftTweaker]: Adding 'create:compacting' recipe, with name: 'crafttweaker:radioactive_upgrade_2_to_3' that outputs: '<item:radioactive:upgrade_3>'
[22:43:10.708][INFO][CraftTweaker]: Removing 'crafting' recipes with output: '<item:radioactive:geiger_counter>'
[22:43:10.710][INFO][CraftTweaker]: Adding 'minecraft:crafting' recipe, of type: "shaped", with name: 'crafttweaker:geiger_counter' that outputs: '<item:radioactive:geiger_counter>'
[22:43:10.710][INFO][CraftTweaker]: Removing 'crafting' recipes with output: '<item:radioactive:decontaminator>'
[22:43:10.712][INFO][CraftTweaker]: Adding 'minecraft:crafting' recipe, of type: "shaped", with name: 'crafttweaker:decontaminator' that outputs: '<item:radioactive:decontaminator>'
[22:43:10.712][INFO][CraftTweaker]: Removing 'crafting' recipes with output: '<item:radioactive:radiation_absorber_tier_1>'
[22:43:10.713][INFO][CraftTweaker]: Adding 'minecraft:crafting' recipe, of type: "shaped", with name: 'crafttweaker:radiation_absorber_tier_1' that outputs: '<item:radioactive:radiation_absorber_tier_1>'
[22:43:10.713][INFO][CraftTweaker]: Removing 'crafting' recipes with output: '<item:radioactive:radiation_absorber_tier_2>'
[22:43:10.714][INFO][CraftTweaker]: Adding 'minecraft:crafting' recipe, of type: "shaped", with name: 'crafttweaker:radiation_absorber_tier_2' that outputs: '<item:radioactive:radiation_absorber_tier_2>'
[22:43:10.715][INFO][CraftTweaker]: Adding 'minecraft:crafting' recipe, of type: "shaped", with name: 'crafttweaker:syringe8' that outputs: '<item:cure:syringe> * 8'
[22:43:10.715][INFO][CraftTweaker]: Removing 'crafting' recipes with output: '<item:radioactive:radaway_basic>'
[22:43:10.716][INFO][CraftTweaker]: Adding 'minecraft:crafting' recipe, of type: "shapeless", with name: 'crafttweaker:radaway_basic' that outputs: '<item:radioactive:radaway_basic>'
[22:43:10.716][INFO][CraftTweaker]: Removing 'crafting' recipes with output: '<item:radioactive:radaway_advanced>'
[22:43:10.718][INFO][CraftTweaker]: Adding 'minecraft:crafting' recipe, of type: "shapeless", with name: 'crafttweaker:radaway_advanced1' that outputs: '<item:radioactive:radaway_advanced>'
[22:43:10.718][INFO][CraftTweaker]: Adding 'minecraft:crafting' recipe, of type: "shapeless", with name: 'crafttweaker:radaway_advanced2' that outputs: '<item:radioactive:radaway_advanced>'
[22:43:10.718][INFO][CraftTweaker]: Adding 'minecraft:crafting' recipe, of type: "shapeless", with name: 'crafttweaker:radaway_advanced3' that outputs: '<item:radioactive:radaway_advanced>'
[22:43:10.718][INFO][CraftTweaker]: Removing 'crafting' recipes with output: '<item:radioactive:radaway_ultimate>'
[22:43:10.720][INFO][CraftTweaker]: Adding 'minecraft:crafting' recipe, of type: "shapeless", with name: 'crafttweaker:radaway_ultimate' that outputs: '<item:radioactive:radaway_ultimate>'
[22:43:10.720][INFO][CraftTweaker]: Removing 'crafting' recipes with output: '<item:radioactive:radx_basic>'
[22:43:10.721][INFO][CraftTweaker]: Adding 'minecraft:crafting' recipe, of type: "shaped", with name: 'crafttweaker:radx_basic' that outputs: '<item:radioactive:radx_basic>'
[22:43:10.721][INFO][CraftTweaker]: Adding 'minecraft:crafting' recipe, of type: "shaped", with name: 'crafttweaker:radiation_bioscanner' that outputs: '<item:radioactive:radiation_bioscanner>'
[22:43:10.722][INFO][CraftTweaker]: Adding 'minecraft:crafting' recipe, of type: "shaped", with name: 'crafttweaker:radiation_detector' that outputs: '<item:radioactive:radiation_detector>'
[22:43:10.722][INFO][CraftTweaker]: Removing 'crafting' recipes with output: '<item:farmersdelight:flint_knife>'
[22:43:10.724][INFO][CraftTweaker]: Adding 'minecraft:crafting' recipe, of type: "shaped", with name: 'crafttweaker:flint_knife' that outputs: '<item:farmersdelight:flint_knife>'
[22:43:10.724][INFO][CraftTweaker]: Removing 'crafting' recipes with output: '<item:minecraft:stone_axe>'
[22:43:10.725][INFO][CraftTweaker]: Adding 'minecraft:crafting' recipe, of type: "shaped", with name: 'crafttweaker:stone_axe1' that outputs: '<item:minecraft:stone_axe>'
[22:43:10.726][INFO][CraftTweaker]: Adding 'minecraft:crafting' recipe, of type: "shaped", with name: 'crafttweaker:stone_axe2' that outputs: '<item:minecraft:stone_axe>'
[22:43:10.726][INFO][CraftTweaker]: Removing 'crafting' recipes with output: '<item:minecraft:stone_pickaxe>'
[22:43:10.727][INFO][CraftTweaker]: Adding 'minecraft:crafting' recipe, of type: "shaped", with name: 'crafttweaker:stone_pickaxe' that outputs: '<item:minecraft:stone_pickaxe>'
[22:43:10.727][INFO][CraftTweaker]: Removing 'crafting' recipes with output: '<item:minecraft:stone_hoe>'
[22:43:10.728][INFO][CraftTweaker]: Adding 'minecraft:crafting' recipe, of type: "shaped", with name: 'crafttweaker:stone_hoe1' that outputs: '<item:minecraft:stone_hoe>'
[22:43:10.728][INFO][CraftTweaker]: Adding 'minecraft:crafting' recipe, of type: "shaped", with name: 'crafttweaker:stone_hoe2' that outputs: '<item:minecraft:stone_hoe>'
[22:43:10.728][INFO][CraftTweaker]: Removing 'crafting' recipes with output: '<item:minecraft:stone_sword>'
[22:43:10.730][INFO][CraftTweaker]: Adding 'minecraft:crafting' recipe, of type: "shaped", with name: 'crafttweaker:stone_sword1' that outputs: '<item:minecraft:stone_sword>'
[22:43:10.730][INFO][CraftTweaker]: Adding 'minecraft:crafting' recipe, of type: "shaped", with name: 'crafttweaker:stone_sword2' that outputs: '<item:minecraft:stone_sword>'
[22:43:10.730][INFO][CraftTweaker]: Removing 'crafting' recipes with output: '<item:minecraft:stone_shovel>'
[22:43:10.731][INFO][CraftTweaker]: Adding 'minecraft:crafting' recipe, of type: "shaped", with name: 'crafttweaker:stone_shovel' that outputs: '<item:minecraft:stone_shovel>'
[22:43:10.731][INFO][CraftTweaker]: Removing 'crafting' recipes with output: '<item:minecraft:iron_axe>'
[22:43:10.733][INFO][CraftTweaker]: Adding 'minecraft:crafting' recipe, of type: "shaped", with name: 'crafttweaker:iron_axe1' that outputs: '<item:minecraft:iron_axe>'
[22:43:10.733][INFO][CraftTweaker]: Adding 'minecraft:crafting' recipe, of type: "shaped", with name: 'crafttweaker:iron_axe2' that outputs: '<item:minecraft:iron_axe>'
[22:43:10.733][INFO][CraftTweaker]: Removing 'crafting' recipes with output: '<item:minecraft:iron_pickaxe>'
[22:43:10.735][INFO][CraftTweaker]: Adding 'minecraft:crafting' recipe, of type: "shaped", with name: 'crafttweaker:iron_pickaxe' that outputs: '<item:minecraft:iron_pickaxe>'
[22:43:10.735][INFO][CraftTweaker]: Removing 'crafting' recipes with output: '<item:minecraft:iron_hoe>'
[22:43:10.736][INFO][CraftTweaker]: Adding 'minecraft:crafting' recipe, of type: "shaped", with name: 'crafttweaker:iron_hoe1' that outputs: '<item:minecraft:iron_hoe>'
[22:43:10.736][INFO][CraftTweaker]: Adding 'minecraft:crafting' recipe, of type: "shaped", with name: 'crafttweaker:iron_hoe2' that outputs: '<item:minecraft:iron_hoe>'
[22:43:10.737][INFO][CraftTweaker]: Removing 'crafting' recipes with output: '<item:minecraft:iron_sword>'
[22:43:10.738][INFO][CraftTweaker]: Adding 'minecraft:crafting' recipe, of type: "shaped", with name: 'crafttweaker:iron_sword1' that outputs: '<item:minecraft:iron_sword>'
[22:43:10.738][INFO][CraftTweaker]: Adding 'minecraft:crafting' recipe, of type: "shaped", with name: 'crafttweaker:iron_sword2' that outputs: '<item:minecraft:iron_sword>'
[22:43:10.738][INFO][CraftTweaker]: Removing 'crafting' recipes with output: '<item:minecraft:iron_shovel>'
[22:43:10.740][INFO][CraftTweaker]: Adding 'minecraft:crafting' recipe, of type: "shaped", with name: 'crafttweaker:iron_shovel' that outputs: '<item:minecraft:iron_shovel>'
[22:43:10.740][INFO][CraftTweaker]: Removing 'crafting' recipes with output: '<item:minecraft:golden_axe>'
[22:43:10.741][INFO][CraftTweaker]: Adding 'minecraft:crafting' recipe, of type: "shaped", with name: 'crafttweaker:copper_axe1' that outputs: '<item:minecraft:golden_axe>'
[22:43:10.742][INFO][CraftTweaker]: Adding 'minecraft:crafting' recipe, of type: "shaped", with name: 'crafttweaker:copper_axe2' that outputs: '<item:minecraft:golden_axe>'
[22:43:10.742][INFO][CraftTweaker]: Removing 'crafting' recipes with output: '<item:minecraft:golden_pickaxe>'
[22:43:10.743][INFO][CraftTweaker]: Adding 'minecraft:crafting' recipe, of type: "shaped", with name: 'crafttweaker:copper_pickaxe' that outputs: '<item:minecraft:golden_pickaxe>'
[22:43:10.743][INFO][CraftTweaker]: Removing 'crafting' recipes with output: '<item:minecraft:golden_hoe>'
[22:43:10.745][INFO][CraftTweaker]: Adding 'minecraft:crafting' recipe, of type: "shaped", with name: 'crafttweaker:copper_hoe1' that outputs: '<item:minecraft:golden_hoe>'
[22:43:10.745][INFO][CraftTweaker]: Adding 'minecraft:crafting' recipe, of type: "shaped", with name: 'crafttweaker:copper_hoe2' that outputs: '<item:minecraft:golden_hoe>'
[22:43:10.745][INFO][CraftTweaker]: Removing 'crafting' recipes with output: '<item:minecraft:golden_sword>'
[22:43:10.747][INFO][CraftTweaker]: Adding 'minecraft:crafting' recipe, of type: "shaped", with name: 'crafttweaker:copper_sword1' that outputs: '<item:minecraft:golden_sword>'
[22:43:10.747][INFO][CraftTweaker]: Adding 'minecraft:crafting' recipe, of type: "shaped", with name: 'crafttweaker:copper_sword2' that outputs: '<item:minecraft:golden_sword>'
[22:43:10.747][INFO][CraftTweaker]: Removing 'crafting' recipes with output: '<item:minecraft:golden_shovel>'
[22:43:10.749][INFO][CraftTweaker]: Adding 'minecraft:crafting' recipe, of type: "shaped", with name: 'crafttweaker:copper_shovel' that outputs: '<item:minecraft:golden_shovel>'
[22:43:10.749][INFO][CraftTweaker]: Removing 'crafting' recipes with output: '<item:minecraft:diamond_axe>'
[22:43:10.752][INFO][CraftTweaker]: Adding 'minecraft:crafting' recipe, of type: "shaped", with name: 'crafttweaker:diamond_axe1' that outputs: '<item:minecraft:diamond_axe>'
[22:43:10.752][INFO][CraftTweaker]: Adding 'minecraft:crafting' recipe, of type: "shaped", with name: 'crafttweaker:diamond_axe2' that outputs: '<item:minecraft:diamond_axe>'
[22:43:10.752][INFO][CraftTweaker]: Removing 'crafting' recipes with output: '<item:minecraft:diamond_pickaxe>'
[22:43:10.754][INFO][CraftTweaker]: Adding 'minecraft:crafting' recipe, of type: "shaped", with name: 'crafttweaker:diamond_pickaxe' that outputs: '<item:minecraft:diamond_pickaxe>'
[22:43:10.754][INFO][CraftTweaker]: Removing 'crafting' recipes with output: '<item:minecraft:diamond_hoe>'
[22:43:10.757][INFO][CraftTweaker]: Adding 'minecraft:crafting' recipe, of type: "shaped", with name: 'crafttweaker:diamond_hoe1' that outputs: '<item:minecraft:diamond_hoe>'
[22:43:10.757][INFO][CraftTweaker]: Adding 'minecraft:crafting' recipe, of type: "shaped", with name: 'crafttweaker:diamond_hoe2' that outputs: '<item:minecraft:diamond_hoe>'
[22:43:10.757][INFO][CraftTweaker]: Removing 'crafting' recipes with output: '<item:minecraft:diamond_sword>'
[22:43:10.759][INFO][CraftTweaker]: Adding 'minecraft:crafting' recipe, of type: "shaped", with name: 'crafttweaker:diamond_sword1' that outputs: '<item:minecraft:diamond_sword>'
[22:43:10.759][INFO][CraftTweaker]: Adding 'minecraft:crafting' recipe, of type: "shaped", with name: 'crafttweaker:diamond_sword2' that outputs: '<item:minecraft:diamond_sword>'
[22:43:10.759][INFO][CraftTweaker]: Removing 'crafting' recipes with output: '<item:minecraft:diamond_shovel>'
[22:43:10.761][INFO][CraftTweaker]: Adding 'minecraft:crafting' recipe, of type: "shaped", with name: 'crafttweaker:diamond_shovel' that outputs: '<item:minecraft:diamond_shovel>'
[22:43:10.762][INFO][CraftTweaker]: Adding 'minecraft:crafting' recipe, of type: "shaped", with name: 'crafttweaker:bop_umbran_chest' that outputs: '<item:quark:warped_chest>'
[22:43:10.763][INFO][CraftTweaker]: Adding 'minecraft:crafting' recipe, of type: "shaped", with name: 'crafttweaker:bop_fir_chest' that outputs: '<item:quark:birch_chest>'
[22:43:10.763][INFO][CraftTweaker]: Adding 'minecraft:crafting' recipe, of type: "shaped", with name: 'crafttweaker:bop_redwood_chest' that outputs: '<item:quark:blossom_chest>'
[22:43:10.763][INFO][CraftTweaker]: Adding 'minecraft:crafting' recipe, of type: "shaped", with name: 'crafttweaker:bop_mahogany_chest' that outputs: '<item:quark:crimson_chest>'
[22:43:10.763][INFO][CraftTweaker]: Adding 'minecraft:crafting' recipe, of type: "shaped", with name: 'crafttweaker:bop_hellbark_chest' that outputs: '<item:quark:dark_oak_chest>'
[22:43:10.763][INFO][CraftTweaker]: Adding 'minecraft:crafting' recipe, of type: "shaped", with name: 'crafttweaker:bop_jacaranda_chest' that outputs: '<item:quark:birch_chest>'
[22:43:10.763][INFO][CraftTweaker]: Adding 'minecraft:crafting' recipe, of type: "shaped", with name: 'crafttweaker:bop_palm_chest' that outputs: '<item:quark:oak_chest>'
[22:43:10.763][INFO][CraftTweaker]: Adding 'minecraft:crafting' recipe, of type: "shaped", with name: 'crafttweaker:bop_willow_chest' that outputs: '<item:quark:azalea_chest>'
[22:43:10.763][INFO][CraftTweaker]: Adding 'minecraft:crafting' recipe, of type: "shaped", with name: 'crafttweaker:bop_magic_chest' that outputs: '<item:quark:warped_chest>'
[22:43:10.763][INFO][CraftTweaker]: Adding 'minecraft:crafting' recipe, of type: "shaped", with name: 'crafttweaker:bop_dead_chest' that outputs: '<item:quark:birch_chest>'
[22:43:10.764][INFO][CraftTweaker]: Adding 'minecraft:crafting' recipe, of type: "shaped", with name: 'crafttweaker:bop_umbran_chest_log' that outputs: '<item:quark:warped_chest> * 4'
[22:43:10.764][INFO][CraftTweaker]: Adding 'minecraft:crafting' recipe, of type: "shaped", with name: 'crafttweaker:bop_umbran_chest_wood' that outputs: '<item:quark:warped_chest> * 4'
[22:43:10.764][INFO][CraftTweaker]: Adding 'minecraft:crafting' recipe, of type: "shaped", with name: 'crafttweaker:bop_umbran_chest_stripped_log' that outputs: '<item:quark:warped_chest> * 4'
[22:43:10.764][INFO][CraftTweaker]: Adding 'minecraft:crafting' recipe, of type: "shaped", with name: 'crafttweaker:bop_umbran_chest_stripped_wood' that outputs: '<item:quark:warped_chest> * 4'
[22:43:10.764][INFO][CraftTweaker]: Adding 'minecraft:crafting' recipe, of type: "shaped", with name: 'crafttweaker:bop_fir_chest_log' that outputs: '<item:quark:birch_chest> * 4'
[22:43:10.764][INFO][CraftTweaker]: Adding 'minecraft:crafting' recipe, of type: "shaped", with name: 'crafttweaker:bop_fir_chest_wood' that outputs: '<item:quark:birch_chest> * 4'
[22:43:10.764][INFO][CraftTweaker]: Adding 'minecraft:crafting' recipe, of type: "shaped", with name: 'crafttweaker:bop_fir_chest_stripped_log' that outputs: '<item:quark:birch_chest> * 4'
[22:43:10.765][INFO][CraftTweaker]: Adding 'minecraft:crafting' recipe, of type: "shaped", with name: 'crafttweaker:bop_fir_chest_stripped_wood' that outputs: '<item:quark:birch_chest> * 4'
[22:43:10.765][INFO][CraftTweaker]: Adding 'minecraft:crafting' recipe, of type: "shaped", with name: 'crafttweaker:bop_redwood_chest_log' that outputs: '<item:quark:blossom_chest> * 4'
[22:43:10.765][INFO][CraftTweaker]: Adding 'minecraft:crafting' recipe, of type: "shaped", with name: 'crafttweaker:bop_redwood_chest_wood' that outputs: '<item:quark:blossom_chest> * 4'
[22:43:10.765][INFO][CraftTweaker]: Adding 'minecraft:crafting' recipe, of type: "shaped", with name: 'crafttweaker:bop_redwood_chest_stripped_log' that outputs: '<item:quark:blossom_chest> * 4'
[22:43:10.765][INFO][CraftTweaker]: Adding 'minecraft:crafting' recipe, of type: "shaped", with name: 'crafttweaker:bop_redwood_chest_stripped_wood' that outputs: '<item:quark:blossom_chest> * 4'
[22:43:10.765][INFO][CraftTweaker]: Adding 'minecraft:crafting' recipe, of type: "shaped", with name: 'crafttweaker:bop_mahogany_chest_log' that outputs: '<item:quark:crimson_chest> * 4'
[22:43:10.765][INFO][CraftTweaker]: Adding 'minecraft:crafting' recipe, of type: "shaped", with name: 'crafttweaker:bop_mahogany_chest_wood' that outputs: '<item:quark:crimson_chest> * 4'
[22:43:10.765][INFO][CraftTweaker]: Adding 'minecraft:crafting' recipe, of type: "shaped", with name: 'crafttweaker:bop_mahogany_chest_stripped_log' that outputs: '<item:quark:crimson_chest> * 4'
[22:43:10.766][INFO][CraftTweaker]: Adding 'minecraft:crafting' recipe, of type: "shaped", with name: 'crafttweaker:bop_mahogany_chest_stripped_wood' that outputs: '<item:quark:crimson_chest> * 4'
[22:43:10.766][INFO][CraftTweaker]: Adding 'minecraft:crafting' recipe, of type: "shaped", with name: 'crafttweaker:bop_jacaranda_chest_log' that outputs: '<item:quark:birch_chest> * 4'
[22:43:10.766][INFO][CraftTweaker]: Adding 'minecraft:crafting' recipe, of type: "shaped", with name: 'crafttweaker:bop_jacaranda_chest_wood' that outputs: '<item:quark:birch_chest> * 4'
[22:43:10.766][INFO][CraftTweaker]: Adding 'minecraft:crafting' recipe, of type: "shaped", with name: 'crafttweaker:bop_jacaranda_chest_stripped_log' that outputs: '<item:quark:birch_chest> * 4'
[22:43:10.766][INFO][CraftTweaker]: Adding 'minecraft:crafting' recipe, of type: "shaped", with name: 'crafttweaker:bop_jacaranda_chest_stripped_wood' that outputs: '<item:quark:birch_chest> * 4'
[22:43:10.766][INFO][CraftTweaker]: Adding 'minecraft:crafting' recipe, of type: "shaped", with name: 'crafttweaker:bop_palm_chest_log' that outputs: '<item:quark:oak_chest> * 4'
[22:43:10.766][INFO][CraftTweaker]: Adding 'minecraft:crafting' recipe, of type: "shaped", with name: 'crafttweaker:bop_palm_chest_wood' that outputs: '<item:quark:oak_chest> * 4'
[22:43:10.767][INFO][CraftTweaker]: Adding 'minecraft:crafting' recipe, of type: "shaped", with name: 'crafttweaker:bop_palm_chest_stripped_log' that outputs: '<item:quark:oak_chest> * 4'
[22:43:10.767][INFO][CraftTweaker]: Adding 'minecraft:crafting' recipe, of type: "shaped", with name: 'crafttweaker:bop_palm_chest_stripped_wood' that outputs: '<item:quark:oak_chest> * 4'
[22:43:10.767][INFO][CraftTweaker]: Adding 'minecraft:crafting' recipe, of type: "shaped", with name: 'crafttweaker:bop_willow_chest_log' that outputs: '<item:quark:azalea_chest> * 4'
[22:43:10.767][INFO][CraftTweaker]: Adding 'minecraft:crafting' recipe, of type: "shaped", with name: 'crafttweaker:bop_willow_chest_wood' that outputs: '<item:quark:azalea_chest> * 4'
[22:43:10.767][INFO][CraftTweaker]: Adding 'minecraft:crafting' recipe, of type: "shaped", with name: 'crafttweaker:bop_willow_chest_stripped_log' that outputs: '<item:quark:azalea_chest> * 4'
[22:43:10.767][INFO][CraftTweaker]: Adding 'minecraft:crafting' recipe, of type: "shaped", with name: 'crafttweaker:bop_willow_chest_stripped_wood' that outputs: '<item:quark:azalea_chest> * 4'
[22:43:10.767][INFO][CraftTweaker]: Adding 'minecraft:crafting' recipe, of type: "shaped", with name: 'crafttweaker:bop_magic_chest_log' that outputs: '<item:quark:warped_chest> * 4'
[22:43:10.768][INFO][CraftTweaker]: Adding 'minecraft:crafting' recipe, of type: "shaped", with name: 'crafttweaker:bop_magic_chest_wood' that outputs: '<item:quark:warped_chest> * 4'
[22:43:10.768][INFO][CraftTweaker]: Adding 'minecraft:crafting' recipe, of type: "shaped", with name: 'crafttweaker:bop_magic_chest_stripped_log' that outputs: '<item:quark:warped_chest> * 4'
[22:43:10.768][INFO][CraftTweaker]: Adding 'minecraft:crafting' recipe, of type: "shaped", with name: 'crafttweaker:bop_magic_chest_stripped_wood' that outputs: '<item:quark:warped_chest> * 4'
[22:43:10.768][INFO][CraftTweaker]: Adding 'minecraft:crafting' recipe, of type: "shaped", with name: 'crafttweaker:bop_dead_chest_log' that outputs: '<item:quark:birch_chest> * 4'
[22:43:10.768][INFO][CraftTweaker]: Adding 'minecraft:crafting' recipe, of type: "shaped", with name: 'crafttweaker:bop_dead_chest_wood' that outputs: '<item:quark:birch_chest> * 4'
[22:43:10.768][INFO][CraftTweaker]: Adding 'minecraft:crafting' recipe, of type: "shaped", with name: 'crafttweaker:bop_dead_chest_stripped_log' that outputs: '<item:quark:birch_chest> * 4'
[22:43:10.769][INFO][CraftTweaker]: Adding 'minecraft:crafting' recipe, of type: "shaped", with name: 'crafttweaker:bop_dead_chest_stripped_wood' that outputs: '<item:quark:birch_chest> * 4'
[22:43:10.769][INFO][CraftTweaker]: Adding 'minecraft:crafting' recipe, of type: "shaped", with name: 'crafttweaker:bop_hellbark_chest_log' that outputs: '<item:quark:dark_oak_chest> * 4'
[22:43:10.769][INFO][CraftTweaker]: Adding 'minecraft:crafting' recipe, of type: "shaped", with name: 'crafttweaker:bop_hellbark_chest_wood' that outputs: '<item:quark:dark_oak_chest> * 4'
[22:43:10.769][INFO][CraftTweaker]: Adding 'minecraft:crafting' recipe, of type: "shaped", with name: 'crafttweaker:bop_hellbark_chest_stripped_log' that outputs: '<item:quark:dark_oak_chest> * 4'
[22:43:10.769][INFO][CraftTweaker]: Adding 'minecraft:crafting' recipe, of type: "shaped", with name: 'crafttweaker:bop_hellbark_chest_stripped_wood' that outputs: '<item:quark:dark_oak_chest> * 4'
[22:43:10.769][INFO][CraftTweaker]: Adding 'minecraft:crafting' recipe, of type: "shaped", with name: 'crafttweaker:bop_jacaranda_ladder' that outputs: '<item:quark:birch_ladder> * 4'
[22:43:10.769][INFO][CraftTweaker]: Adding 'minecraft:crafting' recipe, of type: "shaped", with name: 'crafttweaker:bop_palm_ladder' that outputs: '<item:quark:jungle_ladder> * 4'
[22:43:10.769][INFO][CraftTweaker]: Adding 'minecraft:crafting' recipe, of type: "shaped", with name: 'crafttweaker:bop_dead_ladder' that outputs: '<item:quark:spruce_ladder> * 4'
[22:43:10.769][INFO][CraftTweaker]: Adding 'minecraft:crafting' recipe, of type: "shaped", with name: 'crafttweaker:bop_willow_ladder' that outputs: '<item:quark:birch_ladder> * 4'
[22:43:10.769][INFO][CraftTweaker]: Adding 'minecraft:crafting' recipe, of type: "shaped", with name: 'crafttweaker:bop_magic_ladder' that outputs: '<item:quark:warped_ladder> * 4'
[22:43:10.770][INFO][CraftTweaker]: Adding 'minecraft:crafting' recipe, of type: "shaped", with name: 'crafttweaker:bop_mahogany_ladder' that outputs: '<item:quark:crimson_ladder> * 4'
[22:43:10.770][INFO][CraftTweaker]: Adding 'minecraft:crafting' recipe, of type: "shaped", with name: 'crafttweaker:bop_hellbark_ladder' that outputs: '<item:quark:dark_oak_ladder> * 4'
[22:43:10.770][INFO][CraftTweaker]: Adding 'minecraft:crafting' recipe, of type: "shaped", with name: 'crafttweaker:bop_fir_ladder' that outputs: '<item:quark:spruce_ladder> * 4'
[22:43:10.770][INFO][CraftTweaker]: Adding 'minecraft:crafting' recipe, of type: "shaped", with name: 'crafttweaker:bop_umbran_ladder' that outputs: '<item:quark:warped_ladder> * 4'
[22:43:10.770][INFO][CraftTweaker]: Adding 'minecraft:crafting' recipe, of type: "shaped", with name: 'crafttweaker:bop_redwood_ladder' that outputs: '<item:quark:mangrove_ladder> * 4'
[22:43:10.770][INFO][CraftTweaker]: Adding 'minecraft:crafting' recipe, of type: "shaped", with name: 'crafttweaker:bop_fir_bookshelf' that outputs: '<item:quark:birch_bookshelf>'
[22:43:10.770][INFO][CraftTweaker]: Adding 'minecraft:crafting' recipe, of type: "shaped", with name: 'crafttweaker:bop_mahogany_bookshelf' that outputs: '<item:quark:crimson_bookshelf>'
[22:43:10.770][INFO][CraftTweaker]: Adding 'minecraft:crafting' recipe, of type: "shaped", with name: 'crafttweaker:bop_palm_bookshelf' that outputs: '<item:quark:jungle_bookshelf>'
[22:43:10.770][INFO][CraftTweaker]: Adding 'minecraft:crafting' recipe, of type: "shaped", with name: 'crafttweaker:bop_dead_bookshelf' that outputs: '<item:quark:birch_bookshelf>'
[22:43:10.771][INFO][CraftTweaker]: Adding 'minecraft:crafting' recipe, of type: "shaped", with name: 'crafttweaker:bop_hellbark_bookshelf' that outputs: '<item:quark:dark_oak_bookshelf>'
[22:43:10.771][INFO][CraftTweaker]: Adding 'minecraft:crafting' recipe, of type: "shaped", with name: 'crafttweaker:bop_redwood_bookshelf' that outputs: '<item:quark:acacia_bookshelf>'
[22:43:10.771][INFO][CraftTweaker]: Adding 'minecraft:crafting' recipe, of type: "shaped", with name: 'crafttweaker:bop_jacaranda_bookshelf' that outputs: '<item:quark:birch_bookshelf>'
[22:43:10.771][INFO][CraftTweaker]: Adding 'minecraft:crafting' recipe, of type: "shaped", with name: 'crafttweaker:bop_willow_bookshelf' that outputs: '<item:quark:birch_bookshelf>'
[22:43:10.771][INFO][CraftTweaker]: Adding 'minecraft:crafting' recipe, of type: "shaped", with name: 'crafttweaker:bop_magic_bookshelf' that outputs: '<item:quark:warped_bookshelf>'
[22:43:10.771][INFO][CraftTweaker]: Adding 'minecraft:crafting' recipe, of type: "shaped", with name: 'crafttweaker:bop_umbran_bookshelf' that outputs: '<item:quark:warped_bookshelf>'
[22:43:10.771][INFO][CraftTweaker]: Adding 'minecraft:crafting' recipe, of type: "shapeless", with name: 'crafttweaker:trap_acacia_chest' that outputs: '<item:quark:acacia_trapped_chest>'
[22:43:10.771][INFO][CraftTweaker]: Adding 'minecraft:crafting' recipe, of type: "shapeless", with name: 'crafttweaker:trap_ancient_chest' that outputs: '<item:quark:ancient_trapped_chest>'
[22:43:10.772][INFO][CraftTweaker]: Adding 'minecraft:crafting' recipe, of type: "shapeless", with name: 'crafttweaker:trap_azalea_chest' that outputs: '<item:quark:azalea_trapped_chest>'
[22:43:10.772][INFO][CraftTweaker]: Adding 'minecraft:crafting' recipe, of type: "shapeless", with name: 'crafttweaker:trap_bamboo_chest' that outputs: '<item:quark:bamboo_trapped_chest>'
[22:43:10.772][INFO][CraftTweaker]: Adding 'minecraft:crafting' recipe, of type: "shapeless", with name: 'crafttweaker:trap_birch_chest' that outputs: '<item:quark:birch_trapped_chest>'
[22:43:10.772][INFO][CraftTweaker]: Adding 'minecraft:crafting' recipe, of type: "shapeless", with name: 'crafttweaker:trap_blossom_chest' that outputs: '<item:quark:blossom_trapped_chest>'
[22:43:10.772][INFO][CraftTweaker]: Adding 'minecraft:crafting' recipe, of type: "shapeless", with name: 'crafttweaker:trap_cherry_chest' that outputs: '<item:quark:cherry_trapped_chest>'
[22:43:10.772][INFO][CraftTweaker]: Adding 'minecraft:crafting' recipe, of type: "shapeless", with name: 'crafttweaker:trap_crimson_chest' that outputs: '<item:quark:crimson_trapped_chest>'
[22:43:10.772][INFO][CraftTweaker]: Adding 'minecraft:crafting' recipe, of type: "shapeless", with name: 'crafttweaker:trap_dark_oak_chest' that outputs: '<item:quark:dark_oak_trapped_chest>'
[22:43:10.772][INFO][CraftTweaker]: Adding 'minecraft:crafting' recipe, of type: "shapeless", with name: 'crafttweaker:trap_jungle_chest' that outputs: '<item:quark:jungle_trapped_chest>'
[22:43:10.772][INFO][CraftTweaker]: Adding 'minecraft:crafting' recipe, of type: "shapeless", with name: 'crafttweaker:trap_mangrove_chest' that outputs: '<item:quark:mangrove_trapped_chest>'
[22:43:10.772][INFO][CraftTweaker]: Adding 'minecraft:crafting' recipe, of type: "shapeless", with name: 'crafttweaker:trap_oak_chest' that outputs: '<item:quark:oak_trapped_chest>'
[22:43:10.773][INFO][CraftTweaker]: Adding 'minecraft:crafting' recipe, of type: "shapeless", with name: 'crafttweaker:trap_spruce_chest' that outputs: '<item:quark:spruce_trapped_chest>'
[22:43:10.773][INFO][CraftTweaker]: Adding 'minecraft:crafting' recipe, of type: "shapeless", with name: 'crafttweaker:trap_warped_chest' that outputs: '<item:quark:warped_trapped_chest>'
[22:43:10.773][INFO][CraftTweaker-ZenCode]: Execution for loader 'crafttweaker' completed successfully
[22:43:10.776][INFO][CraftTweaker]: crafttweaker.reload.complete
